
> gamebadu-react@0.0.0 build
> vite build

[36mvite v8.0.7 [32mbuilding client environment for production...[36m[39m
[2K
transforming...Γ£ô 52 modules transformed.
node.exe : [31mΓ£ù[39m Build failed in 1.81s
At line:1 char:1
+ & "C:\Program Files\nodejs/node.exe" "C:\Program Files\nodejs/node_mo ...
+ ~~~~~~~~~~~~~~~~~~~~~~~~~~~~~~~~~~~~~~~~~~~~~~~~~~~~~~~~~~~~~~~~~~~~~
    + CategoryInfo          : NotSpecified: ([31mΓ£ù[39m Build failed in 1.81s:String) [], RemoteException
    + FullyQualifiedErrorId : NativeCommandError
 
[31merror during build:
[31mBuild failed with 9 errors:

[31m[UNRESOLVED_IMPORT] Error:[0m Could not resolve '../img/auth-bg.jpeg' in src/pages/Auth.jsx
   [38;5;246mΓò¡[0m[38;5;246mΓöÇ[0m[38;5;246m[[0m src/pages/Auth.jsx:6:20 [38;5;246m][0m
   [38;5;246mΓöé[0m
 [38;5;246m6 Γöé[0m 
[38;5;249mi[0m[38;5;249mm[0m[38;5;249mp[0m[38;5;249mo[0m[38;5;249mr[0m[38;5;249mt[0m[38;5;249m 
[0m[38;5;249ma[0m[38;5;249mu[0m[38;5;249mt[0m[38;5;249mh[0m[38;5;249mB[0m[38;5;249mg[0m[38;5;249m 
[0m[38;5;249mf[0m[38;5;249mr[0m[38;5;249mo[0m[38;5;249mm[0m[38;5;249m 
[0m"../img/auth-bg.jpeg"[38;5;249m;[0m
 [38;5;240m  Γöé[0m                    ΓöÇΓöÇΓöÇΓöÇΓöÇΓöÇΓöÇΓöÇΓöÇΓöÇΓö¼ΓöÇΓöÇΓöÇΓöÇΓöÇΓöÇΓöÇΓöÇΓöÇΓöÇ  
 [38;5;240m  Γöé[0m                              Γò░ΓöÇΓöÇΓöÇΓöÇΓöÇΓöÇΓöÇΓöÇΓöÇΓöÇΓöÇΓöÇ Module not found.
 [38;5;240m  Γöé[0m 
 [38;5;240m  Γöé[0m [38;5;115mHelp[0m: 'src/pages/Auth.jsx' is imported by the following path:
 [38;5;240m  Γöé[0m         - src/pages/Auth.jsx
 [38;5;240m  Γöé[0m         - src/App.jsx
 [38;5;240m  Γöé[0m         - src/main.jsx
 [38;5;240m  Γöé[0m         - index.html
[38;5;246mΓöÇΓöÇΓöÇΓò»[0m

[31m[UNRESOLVED_IMPORT] Error:[0m Could not resolve '../img/logo.png' in src/components/Footer.jsx
   [38;5;246mΓò¡[0m[38;5;246mΓöÇ[0m[38;5;246m[[0m src/components/Footer.jsx:3:21 [38;5;246m][0m
   [38;5;246mΓöé[0m
 [38;5;246m3 Γöé[0m 
[38;5;249mi[0m[38;5;249mm[0m[38;5;249mp[0m[38;5;249mo[0m[38;5;249mr[0m[38;5;249mt[0m[38;5;249m [0m[38;5;
249ml[0m[38;5;249mo[0m[38;5;249mg[0m[38;5;249mo[0m[38;5;249mI[0m[38;5;249mm[0m[38;5;249mg[0m[38;5;249m 
[0m[38;5;249mf[0m[38;5;249mr[0m[38;5;249mo[0m[38;5;249mm[0m[38;5;249m [0m"../img/logo.png"[38;5;249m;[0m
 [38;5;240m  Γöé[0m                     ΓöÇΓöÇΓöÇΓöÇΓöÇΓöÇΓöÇΓöÇΓö¼ΓöÇΓöÇΓöÇΓöÇΓöÇΓöÇΓöÇΓöÇ  
 [38;5;240m  Γöé[0m                             Γò░ΓöÇΓöÇΓöÇΓöÇΓöÇΓöÇΓöÇΓöÇΓöÇΓöÇ Module not found.
 [38;5;240m  Γöé[0m 
 [38;5;240m  Γöé[0m [38;5;115mHelp[0m: 'src/components/Footer.jsx' is imported by the following path:
 [38;5;240m  Γöé[0m         - src/components/Footer.jsx
 [38;5;240m  Γöé[0m         - src/App.jsx
 [38;5;240m  Γöé[0m         - src/main.jsx
 [38;5;240m  Γöé[0m         - index.html
[38;5;246mΓöÇΓöÇΓöÇΓò»[0m

[31m[UNRESOLVED_IMPORT] Error:[0m Could not resolve '../img/hero/banner.jpeg' in src/pages/Home.jsx
   [38;5;246mΓò¡[0m[38;5;246mΓöÇ[0m[38;5;246m[[0m src/pages/Home.jsx:5:23 [38;5;246m][0m
   [38;5;246mΓöé[0m
 [38;5;246m5 Γöé[0m 
[38;5;249mi[0m[38;5;249mm[0m[38;5;249mp[0m[38;5;249mo[0m[38;5;249mr[0m[38;5;249mt[0m[38;5;249m [0m[38;5;
249mb[0m[38;5;249ma[0m[38;5;249mn[0m[38;5;249mn[0m[38;5;249me[0m[38;5;249mr[0m[38;5;249mI[0m[38;5;249mm[
0m[38;5;249mg[0m[38;5;249m [0m[38;5;249mf[0m[38;5;249mr[0m[38;5;249mo[0m[38;5;249mm[0m[38;5;249m 
[0m"../img/hero/banner.jpeg"[38;5;249m;[0m
 [38;5;240m  Γöé[0m                       
ΓöÇΓöÇΓöÇΓöÇΓöÇΓöÇΓöÇΓöÇΓöÇΓöÇΓöÇΓöÇΓö¼ΓöÇΓöÇΓöÇΓöÇΓöÇΓöÇΓöÇΓöÇΓöÇΓöÇΓöÇΓöÇ  
 [38;5;240m  Γöé[0m                                   Γò░ΓöÇΓöÇΓöÇΓöÇΓöÇΓöÇΓöÇΓöÇΓöÇΓöÇΓöÇΓöÇΓöÇΓöÇ Module not found.
 [38;5;240m  Γöé[0m 
 [38;5;240m  Γöé[0m [38;5;115mHelp[0m: 'src/pages/Home.jsx' is imported by the following path:
 [38;5;240m  Γöé[0m         - src/pages/Home.jsx
 [38;5;240m  Γöé[0m         - src/App.jsx
 [38;5;240m  Γöé[0m         - src/main.jsx
 [38;5;240m  Γöé[0m         - index.html
[38;5;246mΓöÇΓöÇΓöÇΓò»[0m

[31m[UNRESOLVED_IMPORT] Error:[0m Could not resolve '../img/categories/cat-1.png' in src/pages/Home.jsx
   [38;5;246mΓò¡[0m[38;5;246mΓöÇ[0m[38;5;246m[[0m src/pages/Home.jsx:6:18 [38;5;246m][0m
   [38;5;246mΓöé[0m
 [38;5;246m6 Γöé[0m 
[38;5;249mi[0m[38;5;249mm[0m[38;5;249mp[0m[38;5;249mo[0m[38;5;249mr[0m[38;5;249mt[0m[38;5;249m 
[0m[38;5;249mc[0m[38;5;249ma[0m[38;5;249mt[0m[38;5;249m1[0m[38;5;249m 
[0m[38;5;249mf[0m[38;5;249mr[0m[38;5;249mo[0m[38;5;249mm[0m[38;5;249m 
[0m"../img/categories/cat-1.png"[38;5;249m;[0m
 [38;5;240m  Γöé[0m                  
ΓöÇΓöÇΓöÇΓöÇΓöÇΓöÇΓöÇΓöÇΓöÇΓöÇΓöÇΓöÇΓöÇΓöÇΓö¼ΓöÇΓöÇΓöÇΓöÇΓöÇΓöÇΓöÇΓöÇΓöÇΓöÇΓöÇΓöÇΓöÇΓöÇ  
 [38;5;240m  Γöé[0m                                Γò░ΓöÇΓöÇΓöÇΓöÇΓöÇΓöÇΓöÇΓöÇΓöÇΓöÇΓöÇΓöÇΓöÇΓöÇΓöÇΓöÇ Module not 
found.
 [38;5;240m  Γöé[0m 
 [38;5;240m  Γöé[0m [38;5;115mHelp[0m: 'src/pages/Home.jsx' is imported by the following path:
 [38;5;240m  Γöé[0m         - src/pages/Home.jsx
 [38;5;240m  Γöé[0m         - src/App.jsx
 [38;5;240m  Γöé[0m         - src/main.jsx
 [38;5;240m  Γöé[0m         - index.html
[38;5;246mΓöÇΓöÇΓöÇΓò»[0m

[31m[UNRESOLVED_IMPORT] Error:[0m Could not resolve '../img/categories/cat-2.png' in src/pages/Home.jsx
   [38;5;246mΓò¡[0m[38;5;246mΓöÇ[0m[38;5;246m[[0m src/pages/Home.jsx:7:18 [38;5;246m][0m
   [38;5;246mΓöé[0m
 [38;5;246m7 Γöé[0m 
[38;5;249mi[0m[38;5;249mm[0m[38;5;249mp[0m[38;5;249mo[0m[38;5;249mr[0m[38;5;249mt[0m[38;5;249m 
[0m[38;5;249mc[0m[38;5;249ma[0m[38;5;249mt[0m[38;5;249m2[0m[38;5;249m 
[0m[38;5;249mf[0m[38;5;249mr[0m[38;5;249mo[0m[38;5;249mm[0m[38;5;249m 
[0m"../img/categories/cat-2.png"[38;5;249m;[0m
 [38;5;240m  Γöé[0m                  
ΓöÇΓöÇΓöÇΓöÇΓöÇΓöÇΓöÇΓöÇΓöÇΓöÇΓöÇΓöÇΓöÇΓöÇΓö¼ΓöÇΓöÇΓöÇΓöÇΓöÇΓöÇΓöÇΓöÇΓöÇΓöÇΓöÇΓöÇΓöÇΓöÇ  
 [38;5;240m  Γöé[0m                                Γò░ΓöÇΓöÇΓöÇΓöÇΓöÇΓöÇΓöÇΓöÇΓöÇΓöÇΓöÇΓöÇΓöÇΓöÇΓöÇΓöÇ Module not 
found.
 [38;5;240m  Γöé[0m 
 [38;5;240m  Γöé[0m [38;5;115mHelp[0m: 'src/pages/Home.jsx' is imported by the following path:
 [38;5;240m  Γöé[0m         - src/pages/Home.jsx
 [38;5;240m  Γöé[0m         - src/App.jsx
 [38;5;240m  Γöé[0m         - src/main.jsx
 [38;5;240m  Γöé[0m         - index.html
[38;5;246mΓöÇΓöÇΓöÇΓò»[0m

...[31m
    at aggregateBindingErrorsIntoJsError 
(file:///D:/ogani-master/gamebadu-react/node_modules/rolldown/dist/shared/error-DBGOT6sf.mjs:48:18)
    at unwrapBindingResult 
(file:///D:/ogani-master/gamebadu-react/node_modules/rolldown/dist/shared/error-DBGOT6sf.mjs:18:128)
    at #build 
(file:///D:/ogani-master/gamebadu-react/node_modules/rolldown/dist/shared/rolldown-build-hRnqgxyz.mjs:3313:34)
    at async buildEnvironment 
(file:///D:/ogani-master/gamebadu-react/node_modules/vite/dist/node/chunks/node.js:32954:64)
    at async Object.build (file:///D:/ogani-master/gamebadu-react/node_modules/vite/dist/node/chunks/node.js:33376:19)
    at async Object.buildApp 
(file:///D:/ogani-master/gamebadu-react/node_modules/vite/dist/node/chunks/node.js:33373:153)
    at async CAC.<anonymous> (file:///D:/ogani-master/gamebadu-react/node_modules/vite/dist/node/cli.js:778:3) {
  errors: [Getter/Setter]
}[39m
